------------------------------------------------------------
TimeQuest Timing Analyzer Summary
------------------------------------------------------------

Type  : Slow 1100mV 85C Model Setup 'OSC1_50'
Slack : 0.648
TNS   : 0.000

Type  : Slow 1100mV 85C Model Setup 'OSC2_50'
Slack : 18.336
TNS   : 0.000

Type  : Slow 1100mV 85C Model Setup 'altera_reserved_tck'
Slack : 47.009
TNS   : 0.000

Type  : Slow 1100mV 85C Model Hold 'altera_reserved_tck'
Slack : 0.200
TNS   : 0.000

Type  : Slow 1100mV 85C Model Hold 'OSC1_50'
Slack : 0.271
TNS   : 0.000

Type  : Slow 1100mV 85C Model Hold 'OSC2_50'
Slack : 0.289
TNS   : 0.000

Type  : Slow 1100mV 85C Model Recovery 'OSC1_50'
Slack : 13.367
TNS   : 0.000

Type  : Slow 1100mV 85C Model Recovery 'altera_reserved_tck'
Slack : 48.228
TNS   : 0.000

Type  : Slow 1100mV 85C Model Removal 'altera_reserved_tck'
Slack : 0.733
TNS   : 0.000

Type  : Slow 1100mV 85C Model Removal 'OSC1_50'
Slack : 5.214
TNS   : 0.000

Type  : Slow 1100mV 85C Model Minimum Pulse Width 'OSC1_50'
Slack : 9.073
TNS   : 0.000

Type  : Slow 1100mV 85C Model Minimum Pulse Width 'OSC2_50'
Slack : 9.334
TNS   : 0.000

Type  : Slow 1100mV 85C Model Minimum Pulse Width 'altera_reserved_tck'
Slack : 49.262
TNS   : 0.000

Type  : Slow 1100mV 0C Model Setup 'OSC1_50'
Slack : 2.170
TNS   : 0.000

Type  : Slow 1100mV 0C Model Setup 'OSC2_50'
Slack : 18.537
TNS   : 0.000

Type  : Slow 1100mV 0C Model Setup 'altera_reserved_tck'
Slack : 47.203
TNS   : 0.000

Type  : Slow 1100mV 0C Model Hold 'altera_reserved_tck'
Slack : 0.187
TNS   : 0.000

Type  : Slow 1100mV 0C Model Hold 'OSC1_50'
Slack : 0.255
TNS   : 0.000

Type  : Slow 1100mV 0C Model Hold 'OSC2_50'
Slack : 0.268
TNS   : 0.000

Type  : Slow 1100mV 0C Model Recovery 'OSC1_50'
Slack : 13.826
TNS   : 0.000

Type  : Slow 1100mV 0C Model Recovery 'altera_reserved_tck'
Slack : 48.336
TNS   : 0.000

Type  : Slow 1100mV 0C Model Removal 'altera_reserved_tck'
Slack : 0.671
TNS   : 0.000

Type  : Slow 1100mV 0C Model Removal 'OSC1_50'
Slack : 4.866
TNS   : 0.000

Type  : Slow 1100mV 0C Model Minimum Pulse Width 'OSC1_50'
Slack : 9.070
TNS   : 0.000

Type  : Slow 1100mV 0C Model Minimum Pulse Width 'OSC2_50'
Slack : 9.342
TNS   : 0.000

Type  : Slow 1100mV 0C Model Minimum Pulse Width 'altera_reserved_tck'
Slack : 49.309
TNS   : 0.000

Type  : Fast 1100mV 0C Model Setup 'OSC1_50'
Slack : 5.072
TNS   : 0.000

Type  : Fast 1100mV 0C Model Setup 'OSC2_50'
Slack : 18.915
TNS   : 0.000

Type  : Fast 1100mV 0C Model Setup 'altera_reserved_tck'
Slack : 48.070
TNS   : 0.000

Type  : Fast 1100mV 0C Model Hold 'altera_reserved_tck'
Slack : 0.126
TNS   : 0.000

Type  : Fast 1100mV 0C Model Hold 'OSC1_50'
Slack : 0.135
TNS   : 0.000

Type  : Fast 1100mV 0C Model Hold 'OSC2_50'
Slack : 0.191
TNS   : 0.000

Type  : Fast 1100mV 0C Model Recovery 'OSC1_50'
Slack : 15.258
TNS   : 0.000

Type  : Fast 1100mV 0C Model Recovery 'altera_reserved_tck'
Slack : 48.912
TNS   : 0.000

Type  : Fast 1100mV 0C Model Removal 'altera_reserved_tck'
Slack : 0.432
TNS   : 0.000

Type  : Fast 1100mV 0C Model Removal 'OSC1_50'
Slack : 3.840
TNS   : 0.000

Type  : Fast 1100mV 0C Model Minimum Pulse Width 'OSC1_50'
Slack : 9.121
TNS   : 0.000

Type  : Fast 1100mV 0C Model Minimum Pulse Width 'OSC2_50'
Slack : 9.633
TNS   : 0.000

Type  : Fast 1100mV 0C Model Minimum Pulse Width 'altera_reserved_tck'
Slack : 49.438
TNS   : 0.000

------------------------------------------------------------
