Flow report for bf_time_pcm_de1_soc
Wed Mar 13 22:12:14 2019
Quartus Prime Version 16.0.0 Build 211 04/27/2016 SJ Lite Edition


---------------------
; Table of Contents ;
---------------------
  1. Legal Notice
  2. Flow Summary
  3. Flow Settings
  4. Flow Non-Default Global Settings
  5. Flow Elapsed Time
  6. Flow OS Summary
  7. Flow Log
  8. Flow Messages
  9. Flow Suppressed Messages



----------------
; Legal Notice ;
----------------
Copyright (C) 1991-2016 Altera Corporation. All rights reserved.
Your use of Altera Corporation's design tools, logic functions 
and other software and tools, and its AMPP partner logic 
functions, and any output files from any of the foregoing 
(including device programming or simulation files), and any 
associated documentation or information are expressly subject 
to the terms and conditions of the Altera Program License 
Subscription Agreement, the Altera Quartus Prime License Agreement,
the Altera MegaCore Function License Agreement, or other 
applicable license agreement, including, without limitation, 
that your use is for the sole purpose of programming logic 
devices manufactured by Altera and sold by Altera or its 
authorized distributors.  Please refer to the applicable 
agreement for further details.



+-------------------------------------------------------------------------------+
; Flow Summary                                                                  ;
+---------------------------------+---------------------------------------------+
; Flow Status                     ; Successful - Wed Mar 13 22:10:24 2019       ;
; Quartus Prime Version           ; 16.0.0 Build 211 04/27/2016 SJ Lite Edition ;
; Revision Name                   ; bf_time_pcm_de1_soc                         ;
; Top-level Entity Name           ; bf_time_pcm_de1_soc                         ;
; Family                          ; Cyclone V                                   ;
; Device                          ; 5CSEMA5F31C6                                ;
; Timing Models                   ; Final                                       ;
; Logic utilization (in ALMs)     ; 6,396 / 32,070 ( 20 % )                     ;
; Total registers                 ; 12289                                       ;
; Total pins                      ; 241 / 457 ( 53 % )                          ;
; Total virtual pins              ; 0                                           ;
; Total block memory bits         ; 2,422,848 / 4,065,280 ( 60 % )              ;
; Total DSP Blocks                ; 2 / 87 ( 2 % )                              ;
; Total HSSI RX PCSs              ; 0                                           ;
; Total HSSI PMA RX Deserializers ; 0                                           ;
; Total HSSI TX PCSs              ; 0                                           ;
; Total HSSI PMA TX Serializers   ; 0                                           ;
; Total PLLs                      ; 2 / 6 ( 33 % )                              ;
; Total DLLs                      ; 0 / 4 ( 0 % )                               ;
+---------------------------------+---------------------------------------------+


+-----------------------------------------+
; Flow Settings                           ;
+-------------------+---------------------+
; Option            ; Setting             ;
+-------------------+---------------------+
; Start date & time ; 03/13/2019 21:47:37 ;
; Main task         ; Compilation         ;
; Revision Name     ; bf_time_pcm_de1_soc ;
+-------------------+---------------------+


+--------------------------------------------------------------------------------------------------------------------------------------------------------+
; Flow Non-Default Global Settings                                                                                                                       ;
+-------------------------------------+-----------------------------------------------------------------------+---------------+-------------+------------+
; Assignment Name                     ; Value                                                                 ; Default Value ; Entity Name ; Section Id ;
+-------------------------------------+-----------------------------------------------------------------------+---------------+-------------+------------+
; COMPILER_SIGNATURE_ID               ; 0.155252445616653                                                     ; --            ; --          ; --         ;
; MAX_CORE_JUNCTION_TEMP              ; 85                                                                    ; --            ; --          ; --         ;
; MIN_CORE_JUNCTION_TEMP              ; 0                                                                     ; --            ; --          ; --         ;
; MISC_FILE                           ; ip/bf_time_pcm/synthesis/../bf_time_pcm.cmp                           ; --            ; --          ; --         ;
; MISC_FILE                           ; ip/bf_time_pcm/synthesis/../../../../common/qsys/bf_time_pcm.qsys     ; --            ; --          ; --         ;
; MISC_FILE                           ; ip/ALTCLKCTRL/synthesis/../ALTCLKCTRL.cmp                             ; --            ; --          ; --         ;
; MISC_FILE                           ; ip/ALTCLKCTRL/synthesis/../../../../common/qsys/ALTCLKCTRL.qsys       ; --            ; --          ; --         ;
; MISC_FILE                           ; ip/ALT_PLL/ALT_PLL.cmp                                                ; --            ; --          ; --         ;
; MISC_FILE                           ; ip/ALT_PLL_AUDIO/ALT_PLL_AUDIO.cmp                                    ; --            ; --          ; --         ;
; MISC_FILE                           ; ip/ALT_NCO/synthesis/../ALT_NCO.cmp                                   ; --            ; --          ; --         ;
; MISC_FILE                           ; ip/ALT_NCO/synthesis/../../../../common/qsys/ALT_NCO.qsys             ; --            ; --          ; --         ;
; PARTITION_COLOR                     ; 16764057                                                              ; --            ; --          ; Top        ;
; PARTITION_FITTER_PRESERVATION_LEVEL ; PLACEMENT_AND_ROUTING                                                 ; --            ; --          ; Top        ;
; PARTITION_NETLIST_TYPE              ; SOURCE                                                                ; --            ; --          ; Top        ;
; POWER_BOARD_THERMAL_MODEL           ; None (CONSERVATIVE)                                                   ; --            ; --          ; --         ;
; POWER_PRESET_COOLING_SOLUTION       ; 23 MM HEAT SINK WITH 200 LFPM AIRFLOW                                 ; --            ; --          ; --         ;
; PROJECT_OUTPUT_DIRECTORY            ; output_files                                                          ; --            ; --          ; --         ;
; SLD_FILE                            ; ip/bf_time_pcm/synthesis/bf_time_pcm.regmap                           ; --            ; --          ; --         ;
; SLD_FILE                            ; ip/bf_time_pcm/synthesis/bf_time_pcm.debuginfo                        ; --            ; --          ; --         ;
; SLD_FILE                            ; ip/ALTCLKCTRL/synthesis/ALTCLKCTRL.debuginfo                          ; --            ; --          ; --         ;
; SLD_FILE                            ; ip/ALT_NCO/synthesis/ALT_NCO.debuginfo                                ; --            ; --          ; --         ;
; SLD_INFO                            ; QSYS_NAME ALTCLKCTRL HAS_SOPCINFO 1 GENERATION_ID 1552524394          ; --            ; ALTCLKCTRL  ; --         ;
; SLD_INFO                            ; QSYS_NAME ALT_NCO HAS_SOPCINFO 1 GENERATION_ID 1552524429             ; --            ; ALT_NCO     ; --         ;
; SLD_INFO                            ; QSYS_NAME bf_time_pcm HAS_SOPCINFO 1 GENERATION_ID 1552524245         ; --            ; bf_time_pcm ; --         ;
; SOPCINFO_FILE                       ; ip/bf_time_pcm/synthesis/../../../../common/qsys/bf_time_pcm.sopcinfo ; --            ; --          ; --         ;
; SOPCINFO_FILE                       ; ip/ALTCLKCTRL/synthesis/../../../../common/qsys/ALTCLKCTRL.sopcinfo   ; --            ; --          ; --         ;
; SOPCINFO_FILE                       ; ip/ALT_NCO/synthesis/../../../../common/qsys/ALT_NCO.sopcinfo         ; --            ; --          ; --         ;
; SYNTHESIS_ONLY_QIP                  ; On                                                                    ; --            ; --          ; --         ;
; SYNTHESIS_ONLY_QIP                  ; On                                                                    ; --            ; --          ; --         ;
; SYNTHESIS_ONLY_QIP                  ; On                                                                    ; --            ; --          ; --         ;
; SYNTHESIS_ONLY_QIP                  ; On                                                                    ; --            ; --          ; --         ;
; SYNTHESIS_ONLY_QIP                  ; On                                                                    ; --            ; --          ; --         ;
+-------------------------------------+-----------------------------------------------------------------------+---------------+-------------+------------+


+-------------------------------------------------------------------------------------------------------------------------------+
; Flow Elapsed Time                                                                                                             ;
+---------------------------+--------------+-------------------------+---------------------+------------------------------------+
; Module Name               ; Elapsed Time ; Average Processors Used ; Peak Virtual Memory ; Total CPU Time (on all processors) ;
+---------------------------+--------------+-------------------------+---------------------+------------------------------------+
; Analysis & Synthesis      ; 00:04:40     ; 1.0                     ; 1745 MB             ; 00:03:58                           ;
; Fitter                    ; 00:16:34     ; 1.0                     ; 2982 MB             ; 00:20:10                           ;
; Assembler                 ; 00:00:27     ; 1.0                     ; 1459 MB             ; 00:00:21                           ;
; TimeQuest Timing Analyzer ; 00:01:48     ; 1.0                     ; 1961 MB             ; 00:01:43                           ;
; Total                     ; 00:23:29     ; --                      ; --                  ; 00:26:12                           ;
+---------------------------+--------------+-------------------------+---------------------+------------------------------------+


+-------------------------------------------------------------------------------------------+
; Flow OS Summary                                                                           ;
+---------------------------+------------------+-------------+-------------+----------------+
; Module Name               ; Machine Hostname ; OS Name     ; OS Version  ; Processor type ;
+---------------------------+------------------+-------------+-------------+----------------+
; Analysis & Synthesis      ; sammy-laptop     ; Fedora Core ; Fedora Core ; x86_64         ;
; Fitter                    ; sammy-laptop     ; Fedora Core ; Fedora Core ; x86_64         ;
; Assembler                 ; sammy-laptop     ; Fedora Core ; Fedora Core ; x86_64         ;
; TimeQuest Timing Analyzer ; sammy-laptop     ; Fedora Core ; Fedora Core ; x86_64         ;
+---------------------------+------------------+-------------+-------------+----------------+


------------
; Flow Log ;
------------
quartus_map --read_settings_files=on --write_settings_files=off bf_time_pcm_de1_soc -c bf_time_pcm_de1_soc
quartus_fit --read_settings_files=off --write_settings_files=off bf_time_pcm_de1_soc -c bf_time_pcm_de1_soc
quartus_asm --read_settings_files=off --write_settings_files=off bf_time_pcm_de1_soc -c bf_time_pcm_de1_soc
quartus_sta bf_time_pcm_de1_soc -c bf_time_pcm_de1_soc



