------------------------------------------------------------
TimeQuest Timing Analyzer Summary
------------------------------------------------------------

Type  : Slow 1100mV 85C Model Setup 'clk_50'
Slack : -17.286
TNS   : -2710.624

Type  : Slow 1100mV 85C Model Setup 'alt_pll|alt_pll_inst|altera_pll_i|general[0].gpll~PLL_OUTPUT_COUNTER|divclk'
Slack : 3.506
TNS   : 0.000

Type  : Slow 1100mV 85C Model Setup 'altera_reserved_tck'
Slack : 10.300
TNS   : 0.000

Type  : Slow 1100mV 85C Model Setup 'clk_audbclk'
Slack : 24.860
TNS   : 0.000

Type  : Slow 1100mV 85C Model Hold 'clk_50'
Slack : 0.217
TNS   : 0.000

Type  : Slow 1100mV 85C Model Hold 'clk_audbclk'
Slack : 0.364
TNS   : 0.000

Type  : Slow 1100mV 85C Model Hold 'alt_pll|alt_pll_inst|altera_pll_i|general[0].gpll~PLL_OUTPUT_COUNTER|divclk'
Slack : 0.369
TNS   : 0.000

Type  : Slow 1100mV 85C Model Hold 'altera_reserved_tck'
Slack : 0.398
TNS   : 0.000

Type  : Slow 1100mV 85C Model Recovery 'clk_50'
Slack : 7.753
TNS   : 0.000

Type  : Slow 1100mV 85C Model Recovery 'altera_reserved_tck'
Slack : 16.782
TNS   : 0.000

Type  : Slow 1100mV 85C Model Recovery 'clk_audbclk'
Slack : 51.560
TNS   : 0.000

Type  : Slow 1100mV 85C Model Removal 'clk_50'
Slack : 0.777
TNS   : 0.000

Type  : Slow 1100mV 85C Model Removal 'altera_reserved_tck'
Slack : 0.866
TNS   : 0.000

Type  : Slow 1100mV 85C Model Removal 'clk_audbclk'
Slack : 0.955
TNS   : 0.000

Type  : Slow 1100mV 85C Model Minimum Pulse Width 'alt_pll_audio|alt_pll_audio_inst|altera_pll_i|general[0].gpll~FRACTIONAL_PLL|vcoph[0]'
Slack : 1.233
TNS   : 0.000

Type  : Slow 1100mV 85C Model Minimum Pulse Width 'alt_pll|alt_pll_inst|altera_pll_i|general[0].gpll~FRACTIONAL_PLL|vcoph[0]'
Slack : 1.666
TNS   : 0.000

Type  : Slow 1100mV 85C Model Minimum Pulse Width 'alt_pll|alt_pll_inst|altera_pll_i|general[0].gpll~PLL_OUTPUT_COUNTER|divclk'
Slack : 4.285
TNS   : 0.000

Type  : Slow 1100mV 85C Model Minimum Pulse Width 'alt_pll|alt_pll_inst|altera_pll_i|general[2].gpll~PLL_OUTPUT_COUNTER|divclk'
Slack : 4.851
TNS   : 0.000

Type  : Slow 1100mV 85C Model Minimum Pulse Width 'clk_50'
Slack : 8.908
TNS   : 0.000

Type  : Slow 1100mV 85C Model Minimum Pulse Width 'altera_reserved_tck'
Slack : 18.749
TNS   : 0.000

Type  : Slow 1100mV 85C Model Minimum Pulse Width 'clk_audbclk'
Slack : 25.309
TNS   : 0.000

Type  : Slow 1100mV 85C Model Minimum Pulse Width 'alt_pll_audio|alt_pll_audio_inst|altera_pll_i|general[0].gpll~PLL_OUTPUT_COUNTER|divclk'
Slack : 26.945
TNS   : 0.000

Type  : Slow 1100mV 0C Model Setup 'clk_50'
Slack : -18.186
TNS   : -2919.690

Type  : Slow 1100mV 0C Model Setup 'alt_pll|alt_pll_inst|altera_pll_i|general[0].gpll~PLL_OUTPUT_COUNTER|divclk'
Slack : 3.475
TNS   : 0.000

Type  : Slow 1100mV 0C Model Setup 'altera_reserved_tck'
Slack : 10.440
TNS   : 0.000

Type  : Slow 1100mV 0C Model Setup 'clk_audbclk'
Slack : 24.943
TNS   : 0.000

Type  : Slow 1100mV 0C Model Hold 'clk_50'
Slack : 0.282
TNS   : 0.000

Type  : Slow 1100mV 0C Model Hold 'altera_reserved_tck'
Slack : 0.367
TNS   : 0.000

Type  : Slow 1100mV 0C Model Hold 'clk_audbclk'
Slack : 0.382
TNS   : 0.000

Type  : Slow 1100mV 0C Model Hold 'alt_pll|alt_pll_inst|altera_pll_i|general[0].gpll~PLL_OUTPUT_COUNTER|divclk'
Slack : 0.386
TNS   : 0.000

Type  : Slow 1100mV 0C Model Recovery 'clk_50'
Slack : 7.856
TNS   : 0.000

Type  : Slow 1100mV 0C Model Recovery 'altera_reserved_tck'
Slack : 16.969
TNS   : 0.000

Type  : Slow 1100mV 0C Model Recovery 'clk_audbclk'
Slack : 51.683
TNS   : 0.000

Type  : Slow 1100mV 0C Model Removal 'clk_50'
Slack : 0.693
TNS   : 0.000

Type  : Slow 1100mV 0C Model Removal 'altera_reserved_tck'
Slack : 0.819
TNS   : 0.000

Type  : Slow 1100mV 0C Model Removal 'clk_audbclk'
Slack : 0.894
TNS   : 0.000

Type  : Slow 1100mV 0C Model Minimum Pulse Width 'alt_pll_audio|alt_pll_audio_inst|altera_pll_i|general[0].gpll~FRACTIONAL_PLL|vcoph[0]'
Slack : 1.233
TNS   : 0.000

Type  : Slow 1100mV 0C Model Minimum Pulse Width 'alt_pll|alt_pll_inst|altera_pll_i|general[0].gpll~FRACTIONAL_PLL|vcoph[0]'
Slack : 1.666
TNS   : 0.000

Type  : Slow 1100mV 0C Model Minimum Pulse Width 'alt_pll|alt_pll_inst|altera_pll_i|general[0].gpll~PLL_OUTPUT_COUNTER|divclk'
Slack : 4.242
TNS   : 0.000

Type  : Slow 1100mV 0C Model Minimum Pulse Width 'alt_pll|alt_pll_inst|altera_pll_i|general[2].gpll~PLL_OUTPUT_COUNTER|divclk'
Slack : 4.818
TNS   : 0.000

Type  : Slow 1100mV 0C Model Minimum Pulse Width 'clk_50'
Slack : 8.941
TNS   : 0.000

Type  : Slow 1100mV 0C Model Minimum Pulse Width 'altera_reserved_tck'
Slack : 18.746
TNS   : 0.000

Type  : Slow 1100mV 0C Model Minimum Pulse Width 'clk_audbclk'
Slack : 25.246
TNS   : 0.000

Type  : Slow 1100mV 0C Model Minimum Pulse Width 'alt_pll_audio|alt_pll_audio_inst|altera_pll_i|general[0].gpll~PLL_OUTPUT_COUNTER|divclk'
Slack : 26.925
TNS   : 0.000

Type  : Fast 1100mV 85C Model Setup 'clk_50'
Slack : -0.293
TNS   : -1.533

Type  : Fast 1100mV 85C Model Setup 'alt_pll|alt_pll_inst|altera_pll_i|general[0].gpll~PLL_OUTPUT_COUNTER|divclk'
Slack : 5.722
TNS   : 0.000

Type  : Fast 1100mV 85C Model Setup 'altera_reserved_tck'
Slack : 12.357
TNS   : 0.000

Type  : Fast 1100mV 85C Model Setup 'clk_audbclk'
Slack : 26.365
TNS   : 0.000

Type  : Fast 1100mV 85C Model Hold 'clk_50'
Slack : 0.140
TNS   : 0.000

Type  : Fast 1100mV 85C Model Hold 'altera_reserved_tck'
Slack : 0.166
TNS   : 0.000

Type  : Fast 1100mV 85C Model Hold 'clk_audbclk'
Slack : 0.180
TNS   : 0.000

Type  : Fast 1100mV 85C Model Hold 'alt_pll|alt_pll_inst|altera_pll_i|general[0].gpll~PLL_OUTPUT_COUNTER|divclk'
Slack : 0.182
TNS   : 0.000

Type  : Fast 1100mV 85C Model Recovery 'clk_50'
Slack : 9.007
TNS   : 0.000

Type  : Fast 1100mV 85C Model Recovery 'altera_reserved_tck'
Slack : 18.205
TNS   : 0.000

Type  : Fast 1100mV 85C Model Recovery 'clk_audbclk'
Slack : 52.429
TNS   : 0.000

Type  : Fast 1100mV 85C Model Removal 'altera_reserved_tck'
Slack : 0.438
TNS   : 0.000

Type  : Fast 1100mV 85C Model Removal 'clk_50'
Slack : 0.440
TNS   : 0.000

Type  : Fast 1100mV 85C Model Removal 'clk_audbclk'
Slack : 0.550
TNS   : 0.000

Type  : Fast 1100mV 85C Model Minimum Pulse Width 'alt_pll_audio|alt_pll_audio_inst|altera_pll_i|general[0].gpll~FRACTIONAL_PLL|vcoph[0]'
Slack : 1.233
TNS   : 0.000

Type  : Fast 1100mV 85C Model Minimum Pulse Width 'alt_pll|alt_pll_inst|altera_pll_i|general[0].gpll~FRACTIONAL_PLL|vcoph[0]'
Slack : 1.666
TNS   : 0.000

Type  : Fast 1100mV 85C Model Minimum Pulse Width 'alt_pll|alt_pll_inst|altera_pll_i|general[0].gpll~PLL_OUTPUT_COUNTER|divclk'
Slack : 4.546
TNS   : 0.000

Type  : Fast 1100mV 85C Model Minimum Pulse Width 'alt_pll|alt_pll_inst|altera_pll_i|general[2].gpll~PLL_OUTPUT_COUNTER|divclk'
Slack : 4.910
TNS   : 0.000

Type  : Fast 1100mV 85C Model Minimum Pulse Width 'clk_50'
Slack : 8.513
TNS   : 0.000

Type  : Fast 1100mV 85C Model Minimum Pulse Width 'altera_reserved_tck'
Slack : 18.673
TNS   : 0.000

Type  : Fast 1100mV 85C Model Minimum Pulse Width 'clk_audbclk'
Slack : 25.086
TNS   : 0.000

Type  : Fast 1100mV 85C Model Minimum Pulse Width 'alt_pll_audio|alt_pll_audio_inst|altera_pll_i|general[0].gpll~PLL_OUTPUT_COUNTER|divclk'
Slack : 27.028
TNS   : 0.000

Type  : Fast 1100mV 0C Model Setup 'clk_50'
Slack : 1.017
TNS   : 0.000

Type  : Fast 1100mV 0C Model Setup 'alt_pll|alt_pll_inst|altera_pll_i|general[0].gpll~PLL_OUTPUT_COUNTER|divclk'
Slack : 6.241
TNS   : 0.000

Type  : Fast 1100mV 0C Model Setup 'altera_reserved_tck'
Slack : 12.535
TNS   : 0.000

Type  : Fast 1100mV 0C Model Setup 'clk_audbclk'
Slack : 26.536
TNS   : 0.000

Type  : Fast 1100mV 0C Model Hold 'altera_reserved_tck'
Slack : 0.133
TNS   : 0.000

Type  : Fast 1100mV 0C Model Hold 'clk_50'
Slack : 0.144
TNS   : 0.000

Type  : Fast 1100mV 0C Model Hold 'clk_audbclk'
Slack : 0.169
TNS   : 0.000

Type  : Fast 1100mV 0C Model Hold 'alt_pll|alt_pll_inst|altera_pll_i|general[0].gpll~PLL_OUTPUT_COUNTER|divclk'
Slack : 0.175
TNS   : 0.000

Type  : Fast 1100mV 0C Model Recovery 'clk_50'
Slack : 9.224
TNS   : 0.000

Type  : Fast 1100mV 0C Model Recovery 'altera_reserved_tck'
Slack : 18.537
TNS   : 0.000

Type  : Fast 1100mV 0C Model Recovery 'clk_audbclk'
Slack : 52.638
TNS   : 0.000

Type  : Fast 1100mV 0C Model Removal 'altera_reserved_tck'
Slack : 0.387
TNS   : 0.000

Type  : Fast 1100mV 0C Model Removal 'clk_50'
Slack : 0.394
TNS   : 0.000

Type  : Fast 1100mV 0C Model Removal 'clk_audbclk'
Slack : 0.502
TNS   : 0.000

Type  : Fast 1100mV 0C Model Minimum Pulse Width 'alt_pll_audio|alt_pll_audio_inst|altera_pll_i|general[0].gpll~FRACTIONAL_PLL|vcoph[0]'
Slack : 1.233
TNS   : 0.000

Type  : Fast 1100mV 0C Model Minimum Pulse Width 'alt_pll|alt_pll_inst|altera_pll_i|general[0].gpll~FRACTIONAL_PLL|vcoph[0]'
Slack : 1.666
TNS   : 0.000

Type  : Fast 1100mV 0C Model Minimum Pulse Width 'alt_pll|alt_pll_inst|altera_pll_i|general[0].gpll~PLL_OUTPUT_COUNTER|divclk'
Slack : 4.535
TNS   : 0.000

Type  : Fast 1100mV 0C Model Minimum Pulse Width 'alt_pll|alt_pll_inst|altera_pll_i|general[2].gpll~PLL_OUTPUT_COUNTER|divclk'
Slack : 4.907
TNS   : 0.000

Type  : Fast 1100mV 0C Model Minimum Pulse Width 'clk_50'
Slack : 8.467
TNS   : 0.000

Type  : Fast 1100mV 0C Model Minimum Pulse Width 'altera_reserved_tck'
Slack : 18.681
TNS   : 0.000

Type  : Fast 1100mV 0C Model Minimum Pulse Width 'clk_audbclk'
Slack : 25.080
TNS   : 0.000

Type  : Fast 1100mV 0C Model Minimum Pulse Width 'alt_pll_audio|alt_pll_audio_inst|altera_pll_i|general[0].gpll~PLL_OUTPUT_COUNTER|divclk'
Slack : 27.018
TNS   : 0.000

------------------------------------------------------------
