------------------------------------------------------------
TimeQuest Timing Analyzer Summary
------------------------------------------------------------

Type  : Slow 1100mV 85C Model Setup 'alt_pll|alt_pll_inst|altera_pll_i|general[1].gpll~PLL_OUTPUT_COUNTER|divclk'
Slack : -1.141
TNS   : -5.500

Type  : Slow 1100mV 85C Model Setup 'clk_dram'
Slack : -0.446
TNS   : -8.689

Type  : Slow 1100mV 85C Model Setup 'clk_50'
Slack : 0.663
TNS   : 0.000

Type  : Slow 1100mV 85C Model Setup 'alt_pll|alt_pll_inst|altera_pll_i|general[0].gpll~PLL_OUTPUT_COUNTER|divclk'
Slack : 2.138
TNS   : 0.000

Type  : Slow 1100mV 85C Model Setup 'altera_reserved_tck'
Slack : 10.300
TNS   : 0.000

Type  : Slow 1100mV 85C Model Setup 'clk_audbclk'
Slack : 24.618
TNS   : 0.000

Type  : Slow 1100mV 85C Model Hold 'alt_pll|alt_pll_inst|altera_pll_i|general[0].gpll~PLL_OUTPUT_COUNTER|divclk'
Slack : -0.832
TNS   : -11.105

Type  : Slow 1100mV 85C Model Hold 'clk_50'
Slack : 0.227
TNS   : 0.000

Type  : Slow 1100mV 85C Model Hold 'altera_reserved_tck'
Slack : 0.308
TNS   : 0.000

Type  : Slow 1100mV 85C Model Hold 'clk_audbclk'
Slack : 0.362
TNS   : 0.000

Type  : Slow 1100mV 85C Model Hold 'alt_pll|alt_pll_inst|altera_pll_i|general[1].gpll~PLL_OUTPUT_COUNTER|divclk'
Slack : 0.395
TNS   : 0.000

Type  : Slow 1100mV 85C Model Hold 'clk_dram'
Slack : 5.458
TNS   : 0.000

Type  : Slow 1100mV 85C Model Recovery 'alt_pll|alt_pll_inst|altera_pll_i|general[0].gpll~PLL_OUTPUT_COUNTER|divclk'
Slack : 3.852
TNS   : 0.000

Type  : Slow 1100mV 85C Model Recovery 'clk_50'
Slack : 7.669
TNS   : 0.000

Type  : Slow 1100mV 85C Model Recovery 'altera_reserved_tck'
Slack : 16.503
TNS   : 0.000

Type  : Slow 1100mV 85C Model Recovery 'clk_audbclk'
Slack : 52.523
TNS   : 0.000

Type  : Slow 1100mV 85C Model Removal 'clk_50'
Slack : 0.534
TNS   : 0.000

Type  : Slow 1100mV 85C Model Removal 'alt_pll|alt_pll_inst|altera_pll_i|general[0].gpll~PLL_OUTPUT_COUNTER|divclk'
Slack : 0.620
TNS   : 0.000

Type  : Slow 1100mV 85C Model Removal 'altera_reserved_tck'
Slack : 0.744
TNS   : 0.000

Type  : Slow 1100mV 85C Model Removal 'clk_audbclk'
Slack : 0.874
TNS   : 0.000

Type  : Slow 1100mV 85C Model Minimum Pulse Width 'alt_pll_audio|alt_pll_audio_inst|altera_pll_i|general[0].gpll~FRACTIONAL_PLL|vcoph[0]'
Slack : 1.233
TNS   : 0.000

Type  : Slow 1100mV 85C Model Minimum Pulse Width 'alt_pll|alt_pll_inst|altera_pll_i|general[0].gpll~FRACTIONAL_PLL|vcoph[0]'
Slack : 1.250
TNS   : 0.000

Type  : Slow 1100mV 85C Model Minimum Pulse Width 'alt_pll|alt_pll_inst|altera_pll_i|general[1].gpll~PLL_OUTPUT_COUNTER|divclk'
Slack : 1.814
TNS   : 0.000

Type  : Slow 1100mV 85C Model Minimum Pulse Width 'alt_pll|alt_pll_inst|altera_pll_i|general[0].gpll~PLL_OUTPUT_COUNTER|divclk'
Slack : 3.759
TNS   : 0.000

Type  : Slow 1100mV 85C Model Minimum Pulse Width 'alt_pll|alt_pll_inst|altera_pll_i|general[2].gpll~PLL_OUTPUT_COUNTER|divclk'
Slack : 4.836
TNS   : 0.000

Type  : Slow 1100mV 85C Model Minimum Pulse Width 'clk_50'
Slack : 8.904
TNS   : 0.000

Type  : Slow 1100mV 85C Model Minimum Pulse Width 'altera_reserved_tck'
Slack : 18.751
TNS   : 0.000

Type  : Slow 1100mV 85C Model Minimum Pulse Width 'clk_audbclk'
Slack : 25.584
TNS   : 0.000

Type  : Slow 1100mV 85C Model Minimum Pulse Width 'alt_pll_audio|alt_pll_audio_inst|altera_pll_i|general[0].gpll~PLL_OUTPUT_COUNTER|divclk'
Slack : 26.945
TNS   : 0.000

Type  : Slow 1100mV 0C Model Setup 'alt_pll|alt_pll_inst|altera_pll_i|general[1].gpll~PLL_OUTPUT_COUNTER|divclk'
Slack : -1.323
TNS   : -6.497

Type  : Slow 1100mV 0C Model Setup 'clk_dram'
Slack : -0.161
TNS   : -0.658

Type  : Slow 1100mV 0C Model Setup 'clk_50'
Slack : 0.863
TNS   : 0.000

Type  : Slow 1100mV 0C Model Setup 'alt_pll|alt_pll_inst|altera_pll_i|general[0].gpll~PLL_OUTPUT_COUNTER|divclk'
Slack : 2.443
TNS   : 0.000

Type  : Slow 1100mV 0C Model Setup 'altera_reserved_tck'
Slack : 10.440
TNS   : 0.000

Type  : Slow 1100mV 0C Model Setup 'clk_audbclk'
Slack : 24.647
TNS   : 0.000

Type  : Slow 1100mV 0C Model Hold 'alt_pll|alt_pll_inst|altera_pll_i|general[0].gpll~PLL_OUTPUT_COUNTER|divclk'
Slack : -1.085
TNS   : -15.276

Type  : Slow 1100mV 0C Model Hold 'altera_reserved_tck'
Slack : 0.285
TNS   : 0.000

Type  : Slow 1100mV 0C Model Hold 'clk_50'
Slack : 0.296
TNS   : 0.000

Type  : Slow 1100mV 0C Model Hold 'clk_audbclk'
Slack : 0.382
TNS   : 0.000

Type  : Slow 1100mV 0C Model Hold 'alt_pll|alt_pll_inst|altera_pll_i|general[1].gpll~PLL_OUTPUT_COUNTER|divclk'
Slack : 0.409
TNS   : 0.000

Type  : Slow 1100mV 0C Model Hold 'clk_dram'
Slack : 5.276
TNS   : 0.000

Type  : Slow 1100mV 0C Model Recovery 'alt_pll|alt_pll_inst|altera_pll_i|general[0].gpll~PLL_OUTPUT_COUNTER|divclk'
Slack : 4.116
TNS   : 0.000

Type  : Slow 1100mV 0C Model Recovery 'clk_50'
Slack : 7.802
TNS   : 0.000

Type  : Slow 1100mV 0C Model Recovery 'altera_reserved_tck'
Slack : 16.712
TNS   : 0.000

Type  : Slow 1100mV 0C Model Recovery 'clk_audbclk'
Slack : 52.596
TNS   : 0.000

Type  : Slow 1100mV 0C Model Removal 'clk_50'
Slack : 0.470
TNS   : 0.000

Type  : Slow 1100mV 0C Model Removal 'alt_pll|alt_pll_inst|altera_pll_i|general[0].gpll~PLL_OUTPUT_COUNTER|divclk'
Slack : 0.529
TNS   : 0.000

Type  : Slow 1100mV 0C Model Removal 'altera_reserved_tck'
Slack : 0.680
TNS   : 0.000

Type  : Slow 1100mV 0C Model Removal 'clk_audbclk'
Slack : 0.809
TNS   : 0.000

Type  : Slow 1100mV 0C Model Minimum Pulse Width 'alt_pll_audio|alt_pll_audio_inst|altera_pll_i|general[0].gpll~FRACTIONAL_PLL|vcoph[0]'
Slack : 1.233
TNS   : 0.000

Type  : Slow 1100mV 0C Model Minimum Pulse Width 'alt_pll|alt_pll_inst|altera_pll_i|general[0].gpll~FRACTIONAL_PLL|vcoph[0]'
Slack : 1.250
TNS   : 0.000

Type  : Slow 1100mV 0C Model Minimum Pulse Width 'alt_pll|alt_pll_inst|altera_pll_i|general[1].gpll~PLL_OUTPUT_COUNTER|divclk'
Slack : 1.764
TNS   : 0.000

Type  : Slow 1100mV 0C Model Minimum Pulse Width 'alt_pll|alt_pll_inst|altera_pll_i|general[0].gpll~PLL_OUTPUT_COUNTER|divclk'
Slack : 3.740
TNS   : 0.000

Type  : Slow 1100mV 0C Model Minimum Pulse Width 'alt_pll|alt_pll_inst|altera_pll_i|general[2].gpll~PLL_OUTPUT_COUNTER|divclk'
Slack : 4.810
TNS   : 0.000

Type  : Slow 1100mV 0C Model Minimum Pulse Width 'clk_50'
Slack : 8.933
TNS   : 0.000

Type  : Slow 1100mV 0C Model Minimum Pulse Width 'altera_reserved_tck'
Slack : 18.735
TNS   : 0.000

Type  : Slow 1100mV 0C Model Minimum Pulse Width 'clk_audbclk'
Slack : 25.482
TNS   : 0.000

Type  : Slow 1100mV 0C Model Minimum Pulse Width 'alt_pll_audio|alt_pll_audio_inst|altera_pll_i|general[0].gpll~PLL_OUTPUT_COUNTER|divclk'
Slack : 26.924
TNS   : 0.000

Type  : Fast 1100mV 85C Model Setup 'alt_pll|alt_pll_inst|altera_pll_i|general[1].gpll~PLL_OUTPUT_COUNTER|divclk'
Slack : 1.700
TNS   : 0.000

Type  : Fast 1100mV 85C Model Setup 'clk_50'
Slack : 2.087
TNS   : 0.000

Type  : Fast 1100mV 85C Model Setup 'clk_dram'
Slack : 3.064
TNS   : 0.000

Type  : Fast 1100mV 85C Model Setup 'alt_pll|alt_pll_inst|altera_pll_i|general[0].gpll~PLL_OUTPUT_COUNTER|divclk'
Slack : 4.981
TNS   : 0.000

Type  : Fast 1100mV 85C Model Setup 'altera_reserved_tck'
Slack : 12.357
TNS   : 0.000

Type  : Fast 1100mV 85C Model Setup 'clk_audbclk'
Slack : 26.263
TNS   : 0.000

Type  : Fast 1100mV 85C Model Hold 'alt_pll|alt_pll_inst|altera_pll_i|general[0].gpll~PLL_OUTPUT_COUNTER|divclk'
Slack : -0.106
TNS   : -0.343

Type  : Fast 1100mV 85C Model Hold 'altera_reserved_tck'
Slack : 0.124
TNS   : 0.000

Type  : Fast 1100mV 85C Model Hold 'clk_50'
Slack : 0.144
TNS   : 0.000

Type  : Fast 1100mV 85C Model Hold 'clk_audbclk'
Slack : 0.179
TNS   : 0.000

Type  : Fast 1100mV 85C Model Hold 'alt_pll|alt_pll_inst|altera_pll_i|general[1].gpll~PLL_OUTPUT_COUNTER|divclk'
Slack : 0.191
TNS   : 0.000

Type  : Fast 1100mV 85C Model Hold 'clk_dram'
Slack : 3.138
TNS   : 0.000

Type  : Fast 1100mV 85C Model Recovery 'alt_pll|alt_pll_inst|altera_pll_i|general[0].gpll~PLL_OUTPUT_COUNTER|divclk'
Slack : 5.801
TNS   : 0.000

Type  : Fast 1100mV 85C Model Recovery 'clk_50'
Slack : 8.906
TNS   : 0.000

Type  : Fast 1100mV 85C Model Recovery 'altera_reserved_tck'
Slack : 17.949
TNS   : 0.000

Type  : Fast 1100mV 85C Model Recovery 'clk_audbclk'
Slack : 53.151
TNS   : 0.000

Type  : Fast 1100mV 85C Model Removal 'clk_50'
Slack : 0.287
TNS   : 0.000

Type  : Fast 1100mV 85C Model Removal 'altera_reserved_tck'
Slack : 0.340
TNS   : 0.000

Type  : Fast 1100mV 85C Model Removal 'alt_pll|alt_pll_inst|altera_pll_i|general[0].gpll~PLL_OUTPUT_COUNTER|divclk'
Slack : 0.379
TNS   : 0.000

Type  : Fast 1100mV 85C Model Removal 'clk_audbclk'
Slack : 0.512
TNS   : 0.000

Type  : Fast 1100mV 85C Model Minimum Pulse Width 'alt_pll_audio|alt_pll_audio_inst|altera_pll_i|general[0].gpll~FRACTIONAL_PLL|vcoph[0]'
Slack : 1.233
TNS   : 0.000

Type  : Fast 1100mV 85C Model Minimum Pulse Width 'alt_pll|alt_pll_inst|altera_pll_i|general[0].gpll~FRACTIONAL_PLL|vcoph[0]'
Slack : 1.250
TNS   : 0.000

Type  : Fast 1100mV 85C Model Minimum Pulse Width 'alt_pll|alt_pll_inst|altera_pll_i|general[1].gpll~PLL_OUTPUT_COUNTER|divclk'
Slack : 2.081
TNS   : 0.000

Type  : Fast 1100mV 85C Model Minimum Pulse Width 'alt_pll|alt_pll_inst|altera_pll_i|general[0].gpll~PLL_OUTPUT_COUNTER|divclk'
Slack : 3.881
TNS   : 0.000

Type  : Fast 1100mV 85C Model Minimum Pulse Width 'alt_pll|alt_pll_inst|altera_pll_i|general[2].gpll~PLL_OUTPUT_COUNTER|divclk'
Slack : 4.909
TNS   : 0.000

Type  : Fast 1100mV 85C Model Minimum Pulse Width 'clk_50'
Slack : 8.507
TNS   : 0.000

Type  : Fast 1100mV 85C Model Minimum Pulse Width 'altera_reserved_tck'
Slack : 18.673
TNS   : 0.000

Type  : Fast 1100mV 85C Model Minimum Pulse Width 'clk_audbclk'
Slack : 25.305
TNS   : 0.000

Type  : Fast 1100mV 85C Model Minimum Pulse Width 'alt_pll_audio|alt_pll_audio_inst|altera_pll_i|general[0].gpll~PLL_OUTPUT_COUNTER|divclk'
Slack : 27.028
TNS   : 0.000

Type  : Fast 1100mV 0C Model Setup 'alt_pll|alt_pll_inst|altera_pll_i|general[1].gpll~PLL_OUTPUT_COUNTER|divclk'
Slack : 1.800
TNS   : 0.000

Type  : Fast 1100mV 0C Model Setup 'clk_50'
Slack : 2.386
TNS   : 0.000

Type  : Fast 1100mV 0C Model Setup 'clk_dram'
Slack : 3.370
TNS   : 0.000

Type  : Fast 1100mV 0C Model Setup 'alt_pll|alt_pll_inst|altera_pll_i|general[0].gpll~PLL_OUTPUT_COUNTER|divclk'
Slack : 5.577
TNS   : 0.000

Type  : Fast 1100mV 0C Model Setup 'altera_reserved_tck'
Slack : 12.535
TNS   : 0.000

Type  : Fast 1100mV 0C Model Setup 'clk_audbclk'
Slack : 26.445
TNS   : 0.000

Type  : Fast 1100mV 0C Model Hold 'alt_pll|alt_pll_inst|altera_pll_i|general[0].gpll~PLL_OUTPUT_COUNTER|divclk'
Slack : -0.600
TNS   : -8.225

Type  : Fast 1100mV 0C Model Hold 'altera_reserved_tck'
Slack : 0.096
TNS   : 0.000

Type  : Fast 1100mV 0C Model Hold 'clk_50'
Slack : 0.149
TNS   : 0.000

Type  : Fast 1100mV 0C Model Hold 'clk_audbclk'
Slack : 0.168
TNS   : 0.000

Type  : Fast 1100mV 0C Model Hold 'alt_pll|alt_pll_inst|altera_pll_i|general[1].gpll~PLL_OUTPUT_COUNTER|divclk'
Slack : 0.182
TNS   : 0.000

Type  : Fast 1100mV 0C Model Hold 'clk_dram'
Slack : 2.870
TNS   : 0.000

Type  : Fast 1100mV 0C Model Recovery 'alt_pll|alt_pll_inst|altera_pll_i|general[0].gpll~PLL_OUTPUT_COUNTER|divclk'
Slack : 6.312
TNS   : 0.000

Type  : Fast 1100mV 0C Model Recovery 'clk_50'
Slack : 9.149
TNS   : 0.000

Type  : Fast 1100mV 0C Model Recovery 'altera_reserved_tck'
Slack : 18.325
TNS   : 0.000

Type  : Fast 1100mV 0C Model Recovery 'clk_audbclk'
Slack : 53.254
TNS   : 0.000

Type  : Fast 1100mV 0C Model Removal 'clk_50'
Slack : 0.234
TNS   : 0.000

Type  : Fast 1100mV 0C Model Removal 'altera_reserved_tck'
Slack : 0.301
TNS   : 0.000

Type  : Fast 1100mV 0C Model Removal 'alt_pll|alt_pll_inst|altera_pll_i|general[0].gpll~PLL_OUTPUT_COUNTER|divclk'
Slack : 0.327
TNS   : 0.000

Type  : Fast 1100mV 0C Model Removal 'clk_audbclk'
Slack : 0.460
TNS   : 0.000

Type  : Fast 1100mV 0C Model Minimum Pulse Width 'alt_pll_audio|alt_pll_audio_inst|altera_pll_i|general[0].gpll~FRACTIONAL_PLL|vcoph[0]'
Slack : 1.233
TNS   : 0.000

Type  : Fast 1100mV 0C Model Minimum Pulse Width 'alt_pll|alt_pll_inst|altera_pll_i|general[0].gpll~FRACTIONAL_PLL|vcoph[0]'
Slack : 1.250
TNS   : 0.000

Type  : Fast 1100mV 0C Model Minimum Pulse Width 'alt_pll|alt_pll_inst|altera_pll_i|general[1].gpll~PLL_OUTPUT_COUNTER|divclk'
Slack : 2.067
TNS   : 0.000

Type  : Fast 1100mV 0C Model Minimum Pulse Width 'alt_pll|alt_pll_inst|altera_pll_i|general[0].gpll~PLL_OUTPUT_COUNTER|divclk'
Slack : 3.880
TNS   : 0.000

Type  : Fast 1100mV 0C Model Minimum Pulse Width 'alt_pll|alt_pll_inst|altera_pll_i|general[2].gpll~PLL_OUTPUT_COUNTER|divclk'
Slack : 4.906
TNS   : 0.000

Type  : Fast 1100mV 0C Model Minimum Pulse Width 'clk_50'
Slack : 8.462
TNS   : 0.000

Type  : Fast 1100mV 0C Model Minimum Pulse Width 'altera_reserved_tck'
Slack : 18.676
TNS   : 0.000

Type  : Fast 1100mV 0C Model Minimum Pulse Width 'clk_audbclk'
Slack : 25.239
TNS   : 0.000

Type  : Fast 1100mV 0C Model Minimum Pulse Width 'alt_pll_audio|alt_pll_audio_inst|altera_pll_i|general[0].gpll~PLL_OUTPUT_COUNTER|divclk'
Slack : 27.018
TNS   : 0.000

------------------------------------------------------------
